[Listener] Working directory: C:\Users\Ryan\OneDrive\Essentials UI Rewrite\V21.1-Essentials-UI-Redesign
[Listener] PID: 26804
[Listener] WebSocket thread started
[Listener] Entering main loop
[WS] Connecting to wss://pokemon-websocket-server.onrender.com/ws
[WS] Connected
[Listener] Blocking: GET messages
[Listener] Blocking result: status=200
[Listener] Blocking: GET sessions
[Listener] Blocking result: status=200
[Listener] Blocking: GET messages
[Listener] Blocking result: status=200
[Listener] Blocking: UPSERT trainers
[Listener] Blocking result: status=201
[Listener] Blocking: UPSERT trainers
[Listener] Blocking result: status=204
[Listener] Blocking: UPSERT trainers
[Listener] Blocking result: status=204
[WS] Connection error: no close frame received or sent — retrying in 5s
[WS] Connecting to wss://pokemon-websocket-server.onrender.com/ws
[WS] Connection error: timed out during opening handshake — retrying in 5s
[WS] Connecting to wss://pokemon-websocket-server.onrender.com/ws
[WS] Connected
[Listener] Blocking: UPSERT trainers
[Listener] Blocking result: status=204
[Listener] Blocking: UPSERT trainers
[Listener] Blocking result: status=204
